// Jest Snapshot v1, https://goo.gl/fbAQLP

exports[`StyleSheet/StyleSheetManager getClassName 1`] = `undefined`;

exports[`StyleSheet/StyleSheetManager getStyleSheet 1`] = `
Object {
  "id": "react-native-stylesheet",
  "textContent": "@media all{
html{-ms-text-size-adjust:100%;-webkit-text-size-adjust:100%;-webkit-tap-highlight-color:rgba(0,0,0,0);}
body{margin:0;}
button::-moz-focus-inner,input::-moz-focus-inner{border:0;padding:0;}
input::-webkit-inner-spin-button,input::-webkit-outer-spin-button,input::-webkit-search-cancel-button,input::-webkit-search-decoration,input::-webkit-search-results-button,input::-webkit-search-results-decoration{display:none;}
}
.rn---test-property-ax3bxi{--test-property:test-value}",
}
`;
